[www.isgd.org/index.html]
[backblue.gif]
[fade.gif]
[index.html]
[www.isgd.org/xmlrpc.php]
[www.isgd.org/wp-content/plugins/masjidnow/masjidnow1c9b.css]
[www.isgd.org/wp-content/plugins/dpProEventCalendar/css/dpProEventCalendarf7ff.css]
[www.isgd.org/wp-content/plugins/dpProEventCalendar/css/font-awesomef7ff.css]
[www.isgd.org/wp-content/plugins/contact-form-7/includes/css/styles8686.css]
[www.isgd.org/feed/index.html]
[www.isgd.org/comments/feed/index.html]
[www.isgd.org/wp-content/plugins/contact-form-plugin/css/form_stylefa0c.css]
[www.isgd.org/home/feed/index.html]
[www.isgd.org/wp-content/plugins/mosque-prayer-timings/mpt-styles5152.css]
[www.isgd.org/wp-content/plugins/revslider/rs-plugin/css/settings22b5.css]
[www.isgd.org/wp-content/themes/u-design/styles/common-css/reset5152.css]
[www.isgd.org/wp-content/themes/u-design/styles/style1/css/text5152.css]
[www.isgd.org/wp-content/themes/u-design/styles/common-css/9605152.css]
[www.isgd.org/wp-content/themes/u-design/scripts/superfish-menu/css/superfishba3a.css]
[www.isgd.org/wp-content/themes/u-design/scripts/prettyPhoto/css/prettyPhotoc6bd.css]
[www.isgd.org/wp-content/themes/u-design/styles/common-css/font-awesome/css/font-awesomed315.css]
[www.isgd.org/wp-content/themes/u-design/styles/style1/css/styled315.css]
[www.isgd.org/wp-content/themes/u-design/styles/custom/custom_styled315.css]
[www.isgd.org/wp-content/themes/u-design/styles/common-css/responsived315.css]
[www.isgd.org/wp-content/plugins/js_composer/assets/css/js_composer.mina752.css]
[www.isgd.org/index8ea3.html]
[www.isgd.org/wp-content/plugins/masjidnow/js/WPMasjidNowWidget1c9b.js]
[www.isgd.org/wp-includes/js/jquery/jquery-migrate.min330a.js]
[www.isgd.org/xmlrpc0db0.php]
[www.isgd.org/wp-includes/js/jquery/jqueryb8ff.js]
[www.isgd.org/wp-includes/wlwmanifest.xml]
[www.isgd.org/wp-json/index.html]
[www.isgd.org/wp-json/oembed/1.0/embeda6a1.json]
[www.isgd.org/wp-content/plugins/revslider/rs-plugin/js/jquery.themepunch.revolution.min22b5.js]
[www.isgd.org/wp-content/plugins/revslider/rs-plugin/js/jquery.themepunch.tools.min22b5.js]
[www.isgd.org/wp-json/oembed/1.0/embedce88]
[www.isgd.org/wp-content/plugins/wp-spamshield/js/jscripts.php]
[www.isgd.org/donation]
[isgd.org/wp-content/uploads/2014/12/Donate_Button-final.png]
[www.isgd.org/donation/index.html]
[www.isgd.org/history]
[www.isgd.org/wp-content/uploads/2014/12/final.png]
[www.isgd.org/history/index.html]
[www.isgd.org/address/index.html]
[www.isgd.org/leadership-and-staff/index.html]
[www.isgd.org/wp-content/uploads/2015/12/isgd-2015.jpg]
[www.isgd.org/bylaws/index.html]
[www.isgd.org/wp-content/uploads/2015/12/isg2.jpg]
[www.isgd.org/events/index.html]
[www.isgd.org/wp-content/uploads/2014/11/islamicfinance.jpg]
[www.isgd.org/address/new-masjid/index.html]
[www.isgd.org/wp-content/plugins/masjidnow/img/ic_android.png]
[www.isgd.org/status/index.html]
[www.isgd.org/wp-content/plugins/masjidnow/img/ic_ios.png]
[www.isgd.org/work-schedule/index.html]
[www.isgd.org/wp-content/plugins/dpProEventCalendar/themes/base/jquery.ui.coref7ff.css]
[www.isgd.org/cemetery/index.html]
[www.isgd.org/wp-content/plugins/dpProEventCalendar/themes/base/jquery.ui.themef7ff.css]
[www.isgd.org/point-of-contact/index.html]
[www.isgd.org/wp-content/plugins/dpProEventCalendar/themes/base/jquery.ui.datepickerf7ff.css]
[www.isgd.org/burial-process-and-cost/index.html]
[www.isgd.org/wp-includes/js/comment-reply.min1c9b.js]
[www.isgd.org/imam-corner/index.html]
[www.isgd.org/wp-content/plugins/contact-form-7/includes/js/jquery.form.mind03d.js]
[www.isgd.org/wp-content/uploads/2014/09/Masjid-1.png]
[www.isgd.org/khutbas-and-sermons/index.html]
[www.isgd.org/wp-content/plugins/contact-form-7/includes/js/scripts8686.js]
[www.isgd.org/ask-the-imam/index.html]
[www.isgd.org/wp-content/themes/u-design/scripts/prettyPhoto/js/jquery.prettyPhotoc6bd.js]
[www.isgd.org/newsletter/index.html]
[www.isgd.org/gallery/index.html]
[www.isgd.org/contacts/index.html]
[www.isgd.org/wp-content/themes/u-design/scripts/prettyPhoto/custom_paramsc6bd.js]
[www.isgd.org/wp-content/themes/u-design/scripts/superfish-menu/js/superfish.combinedba3a.js]
[www.isgd.org/masjid-names/index.html]
[www.isgd.org/author/sally/index.html]
[www.isgd.org/wp-content/themes/u-design/scripts/script5152.js]
[www.isgd.org/posts/index.html]
[www.isgd.org/author/admino/index.html]
[www.isgd.org/wp-content/themes/u-design/scripts/responsive/selectnav/selectnav.minb3e8.js]
[www.isgd.org/wp-content/themes/u-design/scripts/responsive/selectnav/selectnav-optionsb3e8.js]
[www.isgd.org/wp-content/plugins/wp-spamshield/js/jscripts-ftr-min.js]
[www.isgd.org/wp-includes/js/wp-embed.min1c9b.js]
[www.isgd.org/wp-content/plugins/js_composer/assets/js/dist/js_composer_front.mina752.js]
[www.isgd.org/wp-includes/js/jquery/ui/core.mine899.js]
[www.isgd.org/wp-content/plugins/dpProEventCalendar/js/jquery.placeholderf7ff.js]
[www.isgd.org/wp-content/plugins/dpProEventCalendar/js/jquery.selectric.minf7ff.js]
[www.isgd.org/wp-includes/js/jquery/ui/datepicker.mine899.js]
[www.isgd.org/wp-content/plugins/dpProEventCalendar/js/jquery.icheck.minf7ff.js]
[www.isgd.org/wp-content/plugins/dpProEventCalendar/js/modulo-columnsf7ff.js]
[www.isgd.org/wp-content/plugins/js_composer/assets/lib/bower/isotope/dist/isotope.pkgd.mina752.js]
[www.isgd.org/wp-content/plugins/dpProEventCalendar/js/jquery.dpProEventCalendarf7ff.js]
[www.isgd.org/wp-content/plugins/dpProEventCalendar/js/infobubblef7ff.js]
[www.isgd.org/wp-content/plugins/dpProEventCalendar/js/oms.minf7ff.js]
[www.isgd.org/index.html]
[www.isgd.org/wp-content/plugins/js_composer/assets/lib/vc-tta-autoplay/vc-tta-autoplay.mina752.js]
[www.isgd.org/wp-content/plugins/js_composer/assets/lib/vc_accordion/vc-accordion.mina752.js]
[www.isgd.org/wp-content/plugins/masjidnow/masjidnow1c9b.css]
[www.isgd.org/wp-content/plugins/dpProEventCalendar/css/icheck-skins/flat/flat.css]
[www.isgd.org/wp-content/plugins/dpProEventCalendar/images/ajax-loader.gif]
[www.isgd.org/wp-content/plugins/dpProEventCalendar/images/loader.gif]
[www.isgd.org/wp-content/plugins/dpProEventCalendar/images/icons/add_image.png]
[www.isgd.org/wp-content/plugins/dpProEventCalendar/images/icons/loading.gif]
[www.isgd.org/wp-content/plugins/dpProEventCalendar/images/icons/twitter2.png]
[www.isgd.org/wp-content/plugins/dpProEventCalendar/images/icons/clock.png]
[www.isgd.org/wp-content/plugins/dpProEventCalendar/images/date_bg.png]
[www.isgd.org/wp-content/plugins/dpProEventCalendar/images/icons/map.png]
[www.isgd.org/wp-content/plugins/dpProEventCalendar/images/icons/search.png]
[www.isgd.org/wp-content/plugins/dpProEventCalendar/images/calendar_loader_dark.gif]
[www.isgd.org/wp-content/plugins/dpProEventCalendar/images/icons_dark/clock.png]
[www.isgd.org/wp-content/plugins/dpProEventCalendar/images/date_bg-dark.png]
[www.isgd.org/wp-content/plugins/dpProEventCalendar/images/icons_dark/map.png]
[www.isgd.org/wp-content/plugins/dpProEventCalendar/images/icons_dark/search.png]
[www.isgd.org/wp-content/plugins/dpProEventCalendar/images/icons_dark/loader.gif]
[www.isgd.org/wp-content/plugins/dpProEventCalendar/images/icons/location_w.png]
[www.isgd.org/wp-content/plugins/dpProEventCalendar/images/icons/phone_w.png]
[www.isgd.org/wp-content/plugins/dpProEventCalendar/images/colorpicker/select.png]
[www.isgd.org/wp-content/plugins/dpProEventCalendar/css/dpProEventCalendarf7ff.css]
[www.isgd.org/wp-content/plugins/dpProEventCalendar/fonts/fontawesome-webfont3295.eot]
[www.isgd.org/wp-content/plugins/dpProEventCalendar/fonts/fontawesome-webfontd41d.eot]
[www.isgd.org/wp-content/plugins/dpProEventCalendar/css/font-awesomef7ff.css]
[www.isgd.org/wp-content/plugins/contact-form-7/includes/css/styles8686.css]
[www.isgd.org/wp-content/plugins/contact-form-plugin/css/form_stylefa0c.css]
[www.isgd.org/wp-content/plugins/mosque-prayer-timings/mpt-styles5152.css]
[www.isgd.org/wp-content/plugins/revslider/rs-plugin/font/revicons90c6.eot]
[www.isgd.org/wp-content/plugins/revslider/rs-plugin/font/revicons90c6.woff]
[www.isgd.org/wp-content/plugins/revslider/rs-plugin/font/revicons90c6.ttf]
[www.isgd.org/wp-content/plugins/revslider/rs-plugin/assets/gridtile.png]
[www.isgd.org/wp-content/plugins/revslider/rs-plugin/assets/gridtile_white.png]
[www.isgd.org/wp-content/plugins/revslider/rs-plugin/assets/gridtile_3x3.png]
[www.isgd.org/wp-content/plugins/revslider/rs-plugin/assets/gridtile_3x3_white.png]
[www.isgd.org/wp-content/plugins/revslider/rs-plugin/assets/shadow1.png]
[www.isgd.org/wp-content/plugins/revslider/rs-plugin/assets/shadow2.png]
[www.isgd.org/wp-content/plugins/dpProEventCalendar/fonts/fontawesome-webfont3295.woff]
[www.isgd.org/wp-content/plugins/revslider/rs-plugin/images/gradient/g30.png]
[www.isgd.org/wp-content/plugins/revslider/rs-plugin/assets/shadow3.png]
[www.isgd.org/wp-content/plugins/revslider/rs-plugin/images/gradient/g40.png]
[www.isgd.org/wp-content/plugins/revslider/rs-plugin/assets/boxed_bgtile.png]
[www.isgd.org/wp-content/plugins/revslider/rs-plugin/assets/navigdots_bgtile.png]
[www.isgd.org/wp-content/plugins/revslider/rs-plugin/assets/bullet.png]
[www.isgd.org/wp-content/plugins/revslider/rs-plugin/assets/bullets.png]
[www.isgd.org/wp-content/plugins/revslider/rs-plugin/assets/bullets2.png]
[www.isgd.org/wp-content/plugins/revslider/rs-plugin/assets/bullet_boxed.png]
[www.isgd.org/wp-content/plugins/revslider/rs-plugin/assets/navigdots.png]
[www.isgd.org/wp-content/plugins/revslider/rs-plugin/assets/large_left.png]
[www.isgd.org/wp-content/plugins/revslider/rs-plugin/assets/large_right.png]
[www.isgd.org/wp-content/plugins/revslider/rs-plugin/assets/small_left.png]
[www.isgd.org/wp-content/plugins/revslider/rs-plugin/assets/small_right.png]
[www.isgd.org/wp-content/plugins/revslider/rs-plugin/assets/arrow_left.png]
[www.isgd.org/wp-content/plugins/revslider/rs-plugin/assets/arrow_right.png]
[www.isgd.org/wp-content/plugins/revslider/rs-plugin/assets/small_left_boxed.png]
[www.isgd.org/wp-content/plugins/revslider/rs-plugin/assets/small_right_boxed.png]
[www.isgd.org/wp-content/plugins/revslider/rs-plugin/assets/arrowleft.png]
[www.isgd.org/wp-content/plugins/revslider/rs-plugin/assets/arrowright.png]
[www.isgd.org/wp-content/plugins/revslider/rs-plugin/assets/arrow_left2.png]
[www.isgd.org/wp-content/plugins/revslider/rs-plugin/assets/arrow_right2.png]
[www.isgd.org/wp-content/plugins/revslider/rs-plugin/assets/coloredbg.png]
[www.isgd.org/wp-content/plugins/revslider/rs-plugin/assets/loader.gif]
[www.isgd.org/wp-content/plugins/revslider/rs-plugin/css/settings22b5.css]
[www.isgd.org/wp-content/themes/u-design/styles/common-css/reset5152.css]
[www.isgd.org/wp-content/themes/u-design/styles/style1/css/text5152.css]
[www.isgd.org/wp-content/themes/u-design/styles/common-css/9605152.css]
[www.isgd.org/wp-content/themes/u-design/scripts/superfish-menu/images/sf-menu-bg.png]
[www.isgd.org/wp-content/themes/u-design/scripts/superfish-menu/images/auto-arrows.png]
[www.isgd.org/wp-content/themes/u-design/scripts/superfish-menu/css/superfishba3a.css]
[www.isgd.org/wp-content/themes/u-design/scripts/prettyPhoto/images/prettyPhoto/default/sprite.png]
[www.isgd.org/wp-content/themes/u-design/scripts/prettyPhoto/images/prettyPhoto/default/sprite_x.png]
[www.isgd.org/wp-content/themes/u-design/scripts/prettyPhoto/images/prettyPhoto/default/sprite_y.png]
[www.isgd.org/wp-content/themes/u-design/scripts/prettyPhoto/images/prettyPhoto/default/sprite_next.png]
[www.isgd.org/wp-content/themes/u-design/scripts/prettyPhoto/images/prettyPhoto/default/sprite_prev.png]
[www.isgd.org/wp-content/themes/u-design/scripts/prettyPhoto/images/prettyPhoto/default/default_thumb.png]
[www.isgd.org/wp-content/themes/u-design/scripts/prettyPhoto/images/prettyPhoto/default/loader.gif]
[www.isgd.org/wp-content/themes/u-design/scripts/prettyPhoto/images/prettyPhoto/light_rounded/sprite.png]
[www.isgd.org/wp-content/themes/u-design/scripts/prettyPhoto/images/prettyPhoto/light_rounded/btnNext.png]
[www.isgd.org/wp-content/themes/u-design/scripts/prettyPhoto/images/prettyPhoto/light_rounded/btnPrevious.png]
[www.isgd.org/wp-content/themes/u-design/scripts/prettyPhoto/images/prettyPhoto/dark_rounded/sprite.png]
[www.isgd.org/wp-content/themes/u-design/scripts/prettyPhoto/images/prettyPhoto/dark_rounded/contentPattern.png]
[www.isgd.org/wp-content/themes/u-design/scripts/prettyPhoto/images/prettyPhoto/dark_rounded/btnNext.png]
[www.isgd.org/wp-content/themes/u-design/scripts/prettyPhoto/images/prettyPhoto/dark_rounded/btnPrevious.png]
[www.isgd.org/wp-content/themes/u-design/scripts/prettyPhoto/images/prettyPhoto/dark_rounded/loader.gif]
[www.isgd.org/wp-content/themes/u-design/scripts/prettyPhoto/images/prettyPhoto/dark_square/loader.gif]
[www.isgd.org/wp-content/themes/u-design/scripts/prettyPhoto/images/prettyPhoto/dark_square/sprite.png]
[www.isgd.org/wp-content/themes/u-design/scripts/prettyPhoto/images/prettyPhoto/dark_square/btnNext.png]
[www.isgd.org/wp-content/themes/u-design/scripts/prettyPhoto/images/prettyPhoto/dark_square/btnPrevious.png]
[www.isgd.org/wp-content/themes/u-design/scripts/prettyPhoto/images/prettyPhoto/light_square/sprite.png]
[www.isgd.org/wp-content/themes/u-design/scripts/prettyPhoto/images/prettyPhoto/light_square/btnNext.png]
[www.isgd.org/wp-content/themes/u-design/scripts/prettyPhoto/images/prettyPhoto/light_square/btnPrevious.png]
[www.isgd.org/wp-content/themes/u-design/scripts/prettyPhoto/images/prettyPhoto/facebook/sprite.png]
[www.isgd.org/wp-content/themes/u-design/scripts/prettyPhoto/images/prettyPhoto/facebook/contentPatternTop.png]
[www.isgd.org/wp-content/themes/u-design/scripts/prettyPhoto/images/prettyPhoto/facebook/contentPatternLeft.png]
[www.isgd.org/wp-content/themes/u-design/scripts/prettyPhoto/images/prettyPhoto/facebook/contentPatternRight.png]
[www.isgd.org/wp-content/themes/u-design/scripts/prettyPhoto/images/prettyPhoto/facebook/loader.gif]
[www.isgd.org/wp-content/themes/u-design/scripts/prettyPhoto/images/prettyPhoto/facebook/btnNext.png]
[www.isgd.org/wp-content/themes/u-design/scripts/prettyPhoto/images/prettyPhoto/facebook/btnPrevious.png]
[www.isgd.org/wp-content/themes/u-design/scripts/prettyPhoto/images/prettyPhoto/facebook/contentPatternBottom.png]
[www.isgd.org/wp-content/themes/u-design/scripts/prettyPhoto/images/prettyPhoto/facebook/default_thumbnail.gif]
[www.isgd.org/wp-content/themes/u-design/scripts/prettyPhoto/images/prettyPhoto/light_rounded/loader.gif]
[www.isgd.org/wp-content/themes/u-design/scripts/prettyPhoto/css/prettyPhotoc6bd.css]
[www.isgd.org/wp-content/themes/u-design/styles/common-css/font-awesome/fonts/fontawesome-webfonte0a5.eot]
[www.isgd.org/wp-content/themes/u-design/styles/common-css/font-awesome/fonts/fontawesome-webfontd41d.eot]
[www.isgd.org/wp-content/themes/u-design/styles/common-css/font-awesome/fonts/fontawesome-webfonte0a5.woff2]
[www.isgd.org/wp-content/themes/u-design/styles/common-css/font-awesome/fonts/fontawesome-webfonte0a5.woff]
[www.isgd.org/wp-content/themes/u-design/styles/common-css/font-awesome/css/font-awesomed315.css]
[www.isgd.org/wp-content/themes/u-design/styles/style1/images/searchbox.png]
[www.isgd.org/wp-content/themes/u-design/styles/common-images/trans-shadow.png]
[www.isgd.org/wp-content/themes/u-design/styles/common-images/c1-frame.png]
[www.isgd.org/wp-content/themes/u-design/styles/style1/images/slider-bullet.png]
[www.isgd.org/wp-content/themes/u-design/styles/common-css/font-awesome/fonts/fontawesome-webfonte0a5.ttf]
[www.isgd.org/wp-content/themes/u-design/styles/style1/images/slide-img-frame.png]
[www.isgd.org/wp-content/themes/u-design/styles/style1/images/speech-bubble.png]
[www.isgd.org/wp-content/themes/u-design/styles/style1/images/speech-bubble-alt.png]
[www.isgd.org/wp-content/themes/u-design/styles/common-images/clock.png]
[www.isgd.org/wp-content/themes/u-design/styles/style1/images/speech-bubble-bg.png]
[www.isgd.org/wp-content/themes/u-design/styles/style1/images/speech-bubble-bg-alt.png]
[www.isgd.org/wp-content/themes/u-design/styles/style1/images/heading_underline.png]
[www.isgd.org/wp-content/themes/u-design/styles/style1/images/arrow-3-dark.png]
[www.isgd.org/wp-content/themes/u-design/styles/style1/images/arrow-3-light.png]
[www.isgd.org/wp-content/themes/u-design/styles/style1/images/recent-comment.png]
[www.isgd.org/wp-content/themes/u-design/styles/style1/images/sidebar-search.png]
[www.isgd.org/wp-content/themes/u-design/styles/common-images/thumb-holder-2-col.png]
[www.isgd.org/wp-content/themes/u-design/styles/common-images/zoom-image-2-col.png]
[www.isgd.org/wp-content/themes/u-design/styles/common-images/thumb-holder-3-col.png]
[www.isgd.org/wp-content/themes/u-design/styles/common-images/zoom-image-3-col.png]
[www.isgd.org/wp-content/themes/u-design/styles/common-images/thumb-holder-4-col.png]
[www.isgd.org/wp-content/themes/u-design/styles/common-images/zoom-image-4-col.png]
[www.isgd.org/wp-content/themes/u-design/styles/common-images/post-img-holder.png]
[www.isgd.org/wp-content/themes/u-design/styles/common-images/hover-image.png]
[www.isgd.org/wp-content/themes/u-design/styles/common-images/info.png]
[www.isgd.org/wp-content/themes/u-design/styles/common-images/success.png]
[www.isgd.org/wp-content/uploads/2015/12/new5.jpg]
[www.isgd.org/wp-content/themes/u-design/styles/common-images/warning.png]
[www.isgd.org/wp-content/themes/u-design/styles/common-images/error.png]
[www.isgd.org/wp-content/themes/u-design/styles/common-images/pull-quote-dark.png]
[www.isgd.org/wp-content/themes/u-design/styles/common-images/pull-quote-light.png]
[www.isgd.org/wp-content/themes/u-design/styles/common-images/main-menu-btm-border.png]
[www.isgd.org/wp-content/themes/u-design/styles/common-images/tick-green.png]
[www.isgd.org/wp-content/themes/u-design/styles/common-images/tick-grey.png]
[www.isgd.org/wp-content/themes/u-design/styles/common-images/exclamation.png]
[www.isgd.org/wp-content/themes/u-design/styles/common-images/thumb-up.png]
[www.isgd.org/wp-content/themes/u-design/styles/common-images/lifeboy.png]
[www.isgd.org/wp-content/themes/u-design/styles/common-images/calendar-task.png]
[www.isgd.org/wp-content/themes/u-design/styles/common-images/pin.png]
[www.isgd.org/wp-content/themes/u-design/styles/style1/images/double-arrow.png]
[www.isgd.org/wp-content/themes/u-design/styles/style1/images/arrow-2.png]
[www.isgd.org/wp-content/themes/u-design/styles/common-images/dark-button-l.png]
[www.isgd.org/wp-content/themes/u-design/styles/common-images/light-button-l.png]
[www.isgd.org/wp-content/themes/u-design/styles/common-images/dark-button-r.png]
[www.isgd.org/wp-content/themes/u-design/styles/common-images/light-button-r.png]
[www.isgd.org/wp-content/themes/u-design/styles/common-images/small-dark-button-l.png]
[www.isgd.org/wp-content/themes/u-design/styles/common-images/small-light-button-l.png]
[www.isgd.org/wp-content/themes/u-design/styles/common-images/small-dark-button-r.png]
[www.isgd.org/wp-content/themes/u-design/styles/common-images/small-light-button-r.png]
[www.isgd.org/wp-content/themes/u-design/styles/common-images/dark-round-button-l.png]
[www.isgd.org/wp-content/themes/u-design/styles/common-images/light-round-button-l.png]
[www.isgd.org/wp-content/themes/u-design/styles/common-images/dark-round-button-r.png]
[www.isgd.org/wp-content/themes/u-design/styles/common-images/light-round-button-r.png]
[www.isgd.org/wp-content/themes/u-design/styles/common-images/overlay.png]
[www.isgd.org/wp-content/themes/u-design/styles/style1/images/back.png]
[www.isgd.org/wp-content/themes/u-design/styles/style1/images/toggle-images.png]
[www.isgd.org/wp-content/themes/u-design/styles/style1/images/toggle-content-bg.png]
[www.isgd.org/wp-content/themes/u-design/styles/style1/images/accordian-title.png]
[www.isgd.org/wp-content/themes/u-design/styles/style1/images/accordian-content-bg.png]
[www.isgd.org/wp-content/themes/u-design/styles/style1/images/tabs-btn_r.png]
[www.isgd.org/wp-content/themes/u-design/styles/style1/images/tabs-btn_l.png]
[www.isgd.org/wp-content/themes/u-design/styles/style1/images/tabs-active-btn_r.png]
[www.isgd.org/wp-content/themes/u-design/styles/style1/images/tabs-active-btn_l.png]
[www.isgd.org/wp-content/themes/u-design/styles/style1/images/tab-content-bg.png]
[www.isgd.org/wp-content/themes/u-design/styles/style1/images/msg-block.png]
[www.isgd.org/wp-content/themes/u-design/styles/style1/images/feedback-btn.png]
[www.isgd.org/wp-content/themes/u-design/styles/style1/css/styled315.css]
[www.isgd.org/wp-content/themes/u-design/styles/custom/custom_styled315.css]
[www.isgd.org/wp-content/themes/u-design/styles/common-css/responsived315.css]
[www.isgd.org/wp-content/plugins/js_composer/assets/vc/alert.png]
[www.isgd.org/wp-content/plugins/js_composer/assets/vc/info.png]
[www.isgd.org/wp-content/plugins/js_composer/assets/vc/tick.png]
[www.isgd.org/wp-content/plugins/js_composer/assets/vc/exclamation.png]
[www.isgd.org/wp-content/plugins/js_composer/assets/images/icons/address-book.png]
[www.isgd.org/wp-content/plugins/js_composer/assets/images/icons/alarm-clock.png]
[www.isgd.org/wp-content/plugins/js_composer/assets/images/icons/anchor.png]
[www.isgd.org/wp-content/plugins/js_composer/assets/images/icons/application-image.png]
[www.isgd.org/wp-content/plugins/js_composer/assets/images/icons/arrow.png]
[www.isgd.org/wp-content/plugins/js_composer/assets/images/icons/asterisk.png]
[www.isgd.org/wp-content/plugins/js_composer/assets/images/icons/auction-hammer.png]
[www.isgd.org/wp-content/plugins/js_composer/assets/images/icons/balloon.png]
[www.isgd.org/wp-content/plugins/js_composer/assets/images/icons/balloon-buzz.png]
[www.isgd.org/wp-content/plugins/js_composer/assets/images/icons/balloon-facebook.png]
[www.isgd.org/wp-content/plugins/js_composer/assets/images/icons/balloon-twitter.png]
[www.isgd.org/wp-content/plugins/js_composer/assets/images/icons/battery-full.png]
[www.isgd.org/wp-content/plugins/js_composer/assets/images/icons/binocular.png]
[www.isgd.org/wp-content/plugins/js_composer/assets/images/icons/blue-document-excel.png]
[www.isgd.org/wp-content/plugins/js_composer/assets/images/icons/blue-document-image.png]
[www.isgd.org/wp-content/plugins/js_composer/assets/images/icons/blue-document-music.png]
[www.isgd.org/wp-content/plugins/js_composer/assets/images/icons/blue-document-office.png]
[www.isgd.org/wp-content/plugins/js_composer/assets/images/icons/blue-document-pdf.png]
[www.isgd.org/wp-content/plugins/js_composer/assets/images/icons/blue-document-powerpoint.png]
[www.isgd.org/wp-content/plugins/js_composer/assets/images/icons/blue-document-word.png]
[www.isgd.org/wp-content/plugins/js_composer/assets/images/icons/bookmark.png]
[www.isgd.org/wp-content/plugins/js_composer/assets/images/icons/camcorder.png]
[www.isgd.org/wp-content/plugins/js_composer/assets/images/icons/camera.png]
[www.isgd.org/wp-content/plugins/js_composer/assets/images/icons/chart.png]
[www.isgd.org/wp-content/plugins/js_composer/assets/images/icons/chart-pie.png]
[www.isgd.org/wp-content/plugins/js_composer/assets/images/icons/clock.png]
[www.isgd.org/wp-content/plugins/js_composer/assets/images/icons/control.png]
[www.isgd.org/wp-content/plugins/js_composer/assets/images/icons/fire.png]
[www.isgd.org/wp-content/plugins/js_composer/assets/images/icons/heart.png]
[www.isgd.org/wp-content/plugins/js_composer/assets/images/icons/mail.png]
[www.isgd.org/wp-content/plugins/js_composer/assets/images/icons/plus-shield.png]
[www.isgd.org/wp-content/plugins/js_composer/assets/images/icons/video.png]
[www.isgd.org/wp-content/plugins/js_composer/assets/images/toggle_open.png]
[www.isgd.org/wp-content/plugins/js_composer/assets/images/toggle_close.png]
[www.isgd.org/wp-content/plugins/js_composer/assets/images/flickr.png]
[www.isgd.org/wp-content/plugins/js_composer/assets/fonts/vc_grid/vc_grid_v157a1.eot]
[www.isgd.org/wp-content/plugins/js_composer/assets/fonts/vc_grid/vc_grid_v1d41d.eot]
[www.isgd.org/wp-content/plugins/js_composer/assets/fonts/vc_grid/vc_grid_v157a1.woff]
[www.isgd.org/wp-content/plugins/js_composer/assets/fonts/vc_grid/vc_grid_v157a1.ttf]
[www.isgd.org/wp-content/plugins/js_composer/assets/css/js_composer.mina752.css]
[isgd.org/wp-content/uploads/2015/01/ddd.png]
[isgd.org/wp-content/uploads/2015/01/top-pattern.png]
[www.isgd.org/index8ea3.html]
[www.isgd.org/wp-json/oembed/1.0/embeda9d7.json]
[www.isgd.org/donation/feed/index.html]
[www.isgd.org/wp-json/oembed/1.0/embedb127]
[www.isgd.org/indexb5fb.html]
[www.paypalobjects.com/en_US/i/btn/btn_donate_SM.gif]
[www.isgd.org/wp-content/uploads/2015/12/png6.png]
[www.isgd.org/donations.11b.delayed]
[www.paypalobjects.com/WEBSCR-640-20110401-1/en_US/i/btn/btn_donate_SM.gif]
[www.isgd.org/donation/index.html]
[www.isgd.org/wp-json/oembed/1.0/embed8be8.json]
[www.isgd.org/history/feed/index.html]
[www.isgd.org/index5757.html]
[www.isgd.org/wp-json/oembed/1.0/embedfb04]
[www.isgd.org/history/index.html]
[www.isgd.org/wp-json/oembed/1.0/embed52e2.json]
[www.isgd.org/address/feed/index.html]
[www.isgd.org/indexe6f0.html]
[www.isgd.org/wp-json/oembed/1.0/embede466]
[www.isgd.org/address/index.html]
[www.isgd.org/wp-json/oembed/1.0/embedf660.json]
[www.isgd.org/leadership-and-staff/feed/index.html]
[www.isgd.org/index153d.html]
[www.isgd.org/wp-json/oembed/1.0/embed38b2]
[www.isgd.org/leadership-and-staff/index.html]
[www.isgd.org/wp-json/oembed/1.0/embed37e2.json]
[www.isgd.org/bylaws/feed/index.html]
[www.isgd.org/index460d.html]
[www.isgd.org/wp-json/oembed/1.0/embedcde1]
[www.isgd.org/bylaws/index.html]
[www.isgd.org/wp-json/oembed/1.0/embed09f9.json]
[www.isgd.org/events/feed/index.html]
[www.isgd.org/indexc094.html]
[www.isgd.org/wp-json/oembed/1.0/embedbc2a]
[www.isgd.org/wp-content/uploads/2014/12/ISGD-invites-you-to-attend.png]
[www.isgd.org/wp-content/uploads/2014/12/Eid-Al-Adha-Prayer-Sep-2016.png]
[www.isgd.org/wp-content/uploads/2014/12/Eid-Ul-Fitr-Celebration-July-10-final-2016.png]
[www.isgd.org/wp-content/uploads/2014/12/Eid-Ul-Fitr-Celebration-July-10-final-2016-237x300.png]
[www.isgd.org/wp-content/uploads/2016/01/Flyer-233x300.png]
[www.isgd.org/wp-content/uploads/2016/01/Event-Flyer.png]
[www.isgd.org/wp-content/uploads/2016/01/Event-Flyer-239x300.png]
[www.isgd.org/wp-content/uploads/2016/01/Conversation-Flyer-232x300.jpg]
[www.isgd.org/wp-content/uploads/2014/12/Eid-Celebration-7.19.2015.png]
[www.isgd.org/wp-content/uploads/2014/12/Eid-Celebration-7.19.2015-233x300.png]
[www.isgd.org/events/index.html]
[www.isgd.org/address/new-masjid/feed/index.html]
[www.isgd.org/wp-json/oembed/1.0/embed56cb]
[www.isgd.org/index40a0.html]
[www.isgd.org/wp-content/uploads/2014/12/ISGD_1.png]
[www.isgd.org/wp-content/uploads/2016/01/IMG_8240-1024x683.jpg]
[www.isgd.org/img_8240/index.html]
[www.isgd.org/wp-content/uploads/2016/01/IMG_8238-1024x683.jpg]
[www.isgd.org/img_8238/index.html]
[www.isgd.org/wp-content/uploads/2016/01/IMG_8237-1024x683.jpg]
[www.isgd.org/img_8237/index.html]
[www.isgd.org/wp-content/uploads/2016/01/IMG_8224-1024x683.jpg]
[www.isgd.org/img_8224/index.html]
[www.isgd.org/wp-content/uploads/2016/01/IMG_8219-1024x683.jpg]
[www.isgd.org/img_8219/index.html]
[www.isgd.org/wp-content/uploads/2016/01/IMG_8213-1024x683.jpg]
[www.isgd.org/img_8213/index.html]
[www.isgd.org/wp-content/uploads/2016/01/IMG_8212-1024x683.jpg]
[www.isgd.org/img_8212/index.html]
[www.isgd.org/wp-content/uploads/2014/09/New-Masjid-Construction-Schedule-Dec-2014.pdf]
[www.isgd.org/wp-content/uploads/2014/09/New-Mosque-Brochure-2014.pdf]
[www.isgd.org/address/new-masjid/index.html]
[www.isgd.org/wp-json/oembed/1.0/embed81fe.json]
[www.isgd.org/status/feed/index.html]
[www.isgd.org/wp-json/oembed/1.0/embed9a24]
[www.isgd.org/status/index.html]
[www.isgd.org/index30a5.html]
[www.isgd.org/wp-json/oembed/1.0/embed19c4.json]
[www.isgd.org/work-schedule/feed/index.html]
[www.isgd.org/wp-json/oembed/1.0/embedf13d]
[www.isgd.org/indexd78c.html]
[www.isgd.org/wp-content/uploads/2014/12/Bldg-Rear-view2.jpg]
[www.isgd.org/wp-content/uploads/2014/12/Bldg-Rear-view2-300x125.jpg]
[www.isgd.org/wp-content/uploads/2014/12/20150411_161425.jpg]
[www.isgd.org/wp-content/uploads/2014/12/20150411_161425-300x225.jpg]
[www.isgd.org/work-schedule/index.html]
[www.isgd.org/wp-json/oembed/1.0/embeddcd3.json]
[www.isgd.org/cemetery/feed/index.html]
[www.isgd.org/wp-json/oembed/1.0/embedffd6]
[www.isgd.org/cemetery/index.html]
[www.isgd.org/index5643.html]
[www.isgd.org/wp-json/oembed/1.0/embedab67.json]
[www.isgd.org/point-of-contact/feed/index.html]
[www.isgd.org/wp-json/oembed/1.0/embed782d]
[www.isgd.org/point-of-contact/index.html]
[www.isgd.org/indexe856.html]
[www.isgd.org/wp-json/oembed/1.0/embed7ef5.json]
[www.isgd.org/burial-process-and-cost/feed/index.html]
[www.isgd.org/wp-json/oembed/1.0/embed660b]
[www.isgd.org/burial-process-and-cost/index.html]
[www.isgd.org/indexb8c4.html]
[www.isgd.org/wp-json/oembed/1.0/embed1452.json]
[www.isgd.org/imam-corner/feed/index.html]
[www.isgd.org/wp-json/oembed/1.0/embed22b7]
[www.isgd.org/index5070.html]
[www.isgd.org/wp-login.html]
[www.isgd.org/imam-corner/index.html]
[www.isgd.org/2016/06/index.html]
[www.isgd.org/2015/03/index.html]
[www.isgd.org/category/uncategorized/index.html]
[www.isgd.org/wp-json/oembed/1.0/embed2f5b.json]
[www.isgd.org/khutbas-and-sermons/feed/index.html]
[www.isgd.org/wp-json/oembed/1.0/embedfe70]
[www.isgd.org/khutbas-and-sermons/index.html]
[www.isgd.org/index9751.html]
[www.isgd.org/wp-json/oembed/1.0/embed75fd.json]
[www.isgd.org/ask-the-imam/feed/index.html]
[www.isgd.org/wp-json/oembed/1.0/embed9029]
[www.isgd.org/ask-the-imam/index.html]
[www.isgd.org/index1c00.html]
[www.isgd.org/wp-json/oembed/1.0/embed381a.json]
[www.isgd.org/newsletter/feed/index.html]
[www.isgd.org/wp-json/oembed/1.0/embed51c0]
[www.isgd.org/index6452.html]
[www.isgd.org/wp-content/uploads/2015/01/ISGD-Weekly-Newsletter-1_30_2015.pdf]
[www.isgd.org/wp-content/uploads/2015/01/9.png]
[www.isgd.org/wp-content/uploads/2015/01/ISGD-Weekly-Newsletter-1_23_2015.pdf]
[www.isgd.org/wp-content/uploads/2015/01/ISGD-Weekly-Newsletter-1_16_2015.pdf]
[www.isgd.org/wp-content/uploads/2015/01/ISGD-Weekly-Newsletter-1_09_2015.pdf]
[www.isgd.org/wp-content/uploads/2015/01/ISGD-Weekly-Newsletter-1_02_2015.pdf]
[www.isgd.org/wp-content/uploads/2015/01/ISGD-Weekly-Newsletter-12_26_2014.pdf]
[www.isgd.org/wp-content/uploads/2015/01/ISGD-Weekly-Newsletter-12_19_2014.pdf]
[www.isgd.org/wp-content/uploads/2015/01/ISGD-Weekly-Newsletter-12_12_2014.pdf]
[www.isgd.org/newsletter/index.html]
[www.isgd.org/wp-json/oembed/1.0/embed6b56.json]
[www.isgd.org/gallery/feed/index.html]
[www.isgd.org/wp-json/oembed/1.0/embeddbe8]
[www.isgd.org/index7737.html]
[www.isgd.org/wp-content/uploads/2015/12/new10-1024x517.jpg]
[www.isgd.org/wp-content/uploads/2015/12/new10-800x400.jpg]
[www.isgd.org/wp-content/uploads/2015/12/new9-800x400.jpg]
[www.isgd.org/wp-content/uploads/2015/12/new8-1024x517.jpg]
[www.isgd.org/wp-content/uploads/2015/12/new8-800x400.jpg]
[www.isgd.org/wp-content/uploads/2015/12/new7-800x400.jpg]
[www.isgd.org/wp-content/uploads/2015/12/new6-800x400.jpg]
[www.isgd.org/wp-content/uploads/2015/12/new5-800x400.jpg]
[www.isgd.org/wp-content/uploads/2015/12/new4-1024x517.jpg]
[www.isgd.org/wp-content/uploads/2015/12/new4-800x400.jpg]
[www.isgd.org/wp-content/uploads/2015/12/new3-800x400.jpg]
[www.isgd.org/wp-content/uploads/2015/12/new1-800x400.jpg]
[www.isgd.org/wp-content/uploads/2015/12/ISGD9-1024x493.jpg]
[www.isgd.org/wp-content/uploads/2015/12/ISGD9-800x400.jpg]
[www.isgd.org/wp-content/plugins/js_composer/assets/lib/bower/flexslider/flexslider.mina752.css]
[www.isgd.org/wp-content/plugins/js_composer/assets/lib/prettyphoto/css/prettyPhoto.mina752.css]
[www.isgd.org/wp-content/plugins/js_composer/assets/lib/bower/flexslider/jquery.flexslider-mina752.js]
[www.isgd.org/gallery/index.html]
[www.isgd.org/wp-content/plugins/js_composer/assets/lib/prettyphoto/js/jquery.prettyPhoto.mina752.js]
[www.isgd.org/contacts/feed/index.html]
[www.isgd.org/index88b9.html]
[www.isgd.org/wp-json/oembed/1.0/embeda815.json]
[www.isgd.org/contacts/index.html]
[www.isgd.org/wp-json/oembed/1.0/embeda6ca]
[www.isgd.org/wp-json/oembed/1.0/embed897c.json]
[www.isgd.org/masjid-names/feed/index.html]
[www.isgd.org/indexbdc9.html]
[www.isgd.org/masjid-names/index.html]
[www.isgd.org/wp-json/oembed/1.0/embedc58f]
[www.isgd.org/author/sally/index.html]
[www.isgd.org/wp-json/oembed/1.0/embed7f62.json]
[www.isgd.org/posts/feed/index.html]
[www.isgd.org/author/sally/feed/index.html]
[www.isgd.org/indexcff1.html]
[www.isgd.org/wp-json/oembed/1.0/embed88bf]
[www.isgd.org/wp-content/uploads/2014/11/islamicfinance-150x150.jpg]
[www.isgd.org/posts/index.html]
[www.isgd.org/author/admino/index.html]
[www.isgd.org/wp-content/plugins/dpProEventCalendar/themes/base/jquery.ui.coref7ff.css]
[www.isgd.org/wp-content/plugins/dpProEventCalendar/themes/base/images/ui-bg_flat_75_ffffff_40x100.png]
[www.isgd.org/wp-content/plugins/dpProEventCalendar/themes/base/images/ui-bg_highlight-soft_75_cccccc_1x100.png]
[www.isgd.org/author/admino/feed/index.html]
[www.isgd.org/wp-content/plugins/dpProEventCalendar/themes/base/images/ui-bg_glass_75_e6e6e6_1x400.png]
[www.isgd.org/wp-content/plugins/dpProEventCalendar/themes/base/images/ui-bg_glass_75_dadada_1x400.png]
[www.isgd.org/wp-content/plugins/dpProEventCalendar/themes/base/images/ui-bg_glass_65_ffffff_1x400.png]
[www.isgd.org/wp-content/plugins/dpProEventCalendar/themes/base/images/ui-icons_222222_256x240.png]
[www.isgd.org/wp-content/plugins/dpProEventCalendar/themes/base/images/ui-icons_888888_256x240.png]
[www.isgd.org/wp-content/plugins/dpProEventCalendar/themes/base/images/ui-icons_454545_256x240.png]
[www.isgd.org/wp-content/plugins/dpProEventCalendar/themes/base/images/ui-icons_2e83ff_256x240.png]
[www.isgd.org/wp-content/plugins/dpProEventCalendar/themes/base/images/ui-icons_cd0a0a_256x240.png]
[www.isgd.org/wp-content/plugins/dpProEventCalendar/themes/base/images/ui-bg_flat_0_aaaaaa_40x100.png]
[www.isgd.org/wp-content/plugins/dpProEventCalendar/themes/base/jquery.ui.themef7ff.css]
[www.isgd.org/wp-content/plugins/dpProEventCalendar/themes/base/images/animated-overlay.gif]
[www.isgd.org/wp-content/plugins/dpProEventCalendar/themes/base/images/ui-bg_glass_55_fbf9ee_1x400.png]
[www.isgd.org/wp-content/plugins/dpProEventCalendar/themes/base/images/ui-bg_glass_95_fef1ec_1x400.png]
[www.isgd.org/wp-content/plugins/dpProEventCalendar/themes/base/jquery.ui.datepickerf7ff.css]
[www.isgd.org/wp-content/plugins/dpProEventCalendar/css/icheck-skins/flat/flat.png]
[www.isgd.org/wp-content/plugins/dpProEventCalendar/css/icheck-skins/flat/flat@2x.png]
[www.isgd.org/wp-content/plugins/dpProEventCalendar/css/icheck-skins/flat/flat.css]
[www.isgd.org/wp-content/plugins/dpProEventCalendar/fonts/fontawesome-webfont3295.svg]
[www.isgd.org/wp-content/plugins/revslider/rs-plugin/font/revicons90c6.svg]
[www.isgd.org/wp-content/themes/u-design/styles/style1/images/slider-controls.png]
[www.isgd.org/wp-content/plugins/js_composer/assets/fonts/vc_grid/vc_grid_v157a1.svg]
[www.isgd.org/indexb5fb.html]
[www.isgd.org/donations.html]
[www.isgd.org/index5757.html]
[www.isgd.org/indexe6f0.html]
[www.isgd.org/index153d.html]
[www.isgd.org/index460d.html]
[www.isgd.org/indexc094.html]
[www.isgd.org/wp-content/uploads/2014/12/ISGD-invites-you-to-attend.png]
[www.isgd.org/wp-content/uploads/2014/12/Eid-Al-Adha-Prayer-Sep-2016.png]
[www.isgd.org/wp-content/plugins/dpProEventCalendar/fonts/fontawesome-webfont3295.woff2]
[www.isgd.org/wp-content/uploads/2014/12/Eid-Ul-Fitr-Celebration-July-10-final-2016.png]
[www.isgd.org/wp-content/plugins/dpProEventCalendar/fonts/fontawesome-webfont3295.ttf]
[www.isgd.org/wp-content/uploads/2016/01/Flyer.png]
[www.isgd.org/wp-content/uploads/2016/01/Conversation-Flyer.jpg]
[www.isgd.org/index40a0.html]
[www.isgd.org/wp-json/oembed/1.0/embed181b]
[www.isgd.org/index9a9b.html]
[www.isgd.org/wp-json/oembed/1.0/embed6530]
[www.isgd.org/wp-content/uploads/2016/01/IMG_8240.jpg]
[www.isgd.org/img_8240/index.html]
[www.isgd.org/isgd_2/index.html]
[www.isgd.org/wp-json/oembed/1.0/embedc66e.json]
[www.isgd.org/index6a35.html]
[www.isgd.org/wp-json/oembed/1.0/embedda86]
[www.isgd.org/wp-content/uploads/2016/01/IMG_8238.jpg]
[www.isgd.org/img_8238/index.html]
[www.isgd.org/wp-json/oembed/1.0/embed4173.json]
[www.isgd.org/index27cd.html]
[www.isgd.org/wp-json/oembed/1.0/embed8a94]
[www.isgd.org/wp-content/uploads/2016/01/IMG_8237.jpg]
[www.isgd.org/img_8237/index.html]
[www.isgd.org/wp-json/oembed/1.0/embedb34f.json]
[www.isgd.org/index7dad.html]
[www.isgd.org/wp-json/oembed/1.0/embed8407]
[www.isgd.org/wp-content/uploads/2016/01/IMG_8224.jpg]
[www.isgd.org/img_8224/index.html]
[www.isgd.org/wp-json/oembed/1.0/embed2cc5.json]
[www.isgd.org/index16bc.html]
[www.isgd.org/wp-json/oembed/1.0/embed455e]
[www.isgd.org/wp-content/uploads/2016/01/IMG_8219.jpg]
[www.isgd.org/img_8219/index.html]
[www.isgd.org/wp-json/oembed/1.0/embedbf5f.json]
[www.isgd.org/index28a7.html]
[www.isgd.org/wp-json/oembed/1.0/embedc8ff]
[www.isgd.org/wp-content/uploads/2016/01/IMG_8213.jpg]
[www.isgd.org/img_8213/index.html]
[www.isgd.org/wp-json/oembed/1.0/embede626.json]
[www.isgd.org/index1b7d.html]
[www.isgd.org/wp-json/oembed/1.0/embed415a]
[www.isgd.org/wp-content/uploads/2016/01/IMG_8212.jpg]
[www.isgd.org/img_8212/index.html]
[www.isgd.org/event-flyer/index.html]
[www.isgd.org/index30a5.html]
[www.isgd.org/indexd78c.html]
[www.isgd.org/index5643.html]
[www.isgd.org/indexe856.html]
[www.isgd.org/indexb8c4.html]
[www.isgd.org/index5070.html]
[www.isgd.org/2016/06/index.html]
[www.isgd.org/2016/index.html]
[www.isgd.org/2015/03/index.html]
[www.isgd.org/2015/index.html]
[www.isgd.org/category/uncategorized/index.html]
[www.isgd.org/category/uncategorized/feed/index.html]
[www.isgd.org/wp-admin/load-scripts1432.php]
[www.isgd.org/wp-admin/load-styles0108.css]
[www.isgd.org/wp-loginc2b6.html]
[www.isgd.org/wp-login.html]
[www.isgd.org/index9751.html]
[www.isgd.org/index1c00.html]
[www.isgd.org/index6452.html]
[www.isgd.org/index7737.html]
[www.isgd.org/wp-content/uploads/2015/12/new9-1024x517.jpg]
[www.isgd.org/wp-content/uploads/2015/12/new7-1024x517.jpg]
[www.isgd.org/wp-content/uploads/2015/12/new6-1024x517.jpg]
[www.isgd.org/wp-content/uploads/2015/12/new5-1024x517.jpg]
[www.isgd.org/wp-content/uploads/2015/12/new3-1024x517.jpg]
[www.isgd.org/wp-content/uploads/2015/12/new1-1024x517.jpg]
[www.isgd.org/wp-content/plugins/js_composer/assets/lib/bower/flexslider/fonts/flexslider-icon.eot]
[www.isgd.org/wp-content/plugins/js_composer/assets/lib/bower/flexslider/fonts/flexslider-icond41d.eot]
[www.isgd.org/wp-content/plugins/js_composer/assets/lib/bower/flexslider/fonts/flexslider-icon.woff]
[www.isgd.org/wp-content/plugins/js_composer/assets/lib/bower/flexslider/fonts/flexslider-icon.ttf]
[www.isgd.org/wp-content/plugins/js_composer/assets/lib/bower/flexslider/flexslider.mina752.css]
[www.isgd.org/wp-content/plugins/js_composer/assets/lib/prettyphoto/images/prettyPhoto/default/sprite.png]
[www.isgd.org/wp-content/plugins/js_composer/assets/lib/prettyphoto/images/prettyPhoto/default/sprite_x.png]
[www.isgd.org/wp-content/plugins/js_composer/assets/lib/prettyphoto/images/prettyPhoto/default/sprite_y.png]
[www.isgd.org/wp-content/plugins/js_composer/assets/lib/prettyphoto/images/prettyPhoto/default/sprite_next.png]
[www.isgd.org/wp-content/plugins/js_composer/assets/lib/prettyphoto/images/prettyPhoto/default/sprite_prev.png]
[www.isgd.org/wp-content/plugins/js_composer/assets/lib/prettyphoto/images/prettyPhoto/default/default_thumb.png]
[www.isgd.org/wp-content/plugins/js_composer/assets/lib/prettyphoto/images/prettyPhoto/default/loader.gif]
[www.isgd.org/wp-content/plugins/js_composer/assets/lib/prettyphoto/images/prettyPhoto/light_rounded/sprite.png]
[www.isgd.org/wp-content/plugins/js_composer/assets/lib/prettyphoto/images/prettyPhoto/light_rounded/btnNext.png]
[www.isgd.org/wp-content/plugins/js_composer/assets/lib/prettyphoto/images/prettyPhoto/light_rounded/btnPrevious.png]
[www.isgd.org/wp-content/plugins/js_composer/assets/lib/prettyphoto/images/prettyPhoto/dark_rounded/sprite.png]
[www.isgd.org/wp-content/plugins/js_composer/assets/lib/prettyphoto/images/prettyPhoto/dark_rounded/contentPattern.png]
[www.isgd.org/wp-content/plugins/js_composer/assets/lib/prettyphoto/images/prettyPhoto/dark_rounded/btnNext.png]
[www.isgd.org/wp-content/plugins/js_composer/assets/lib/prettyphoto/images/prettyPhoto/dark_rounded/btnPrevious.png]
[www.isgd.org/wp-content/plugins/js_composer/assets/lib/prettyphoto/images/prettyPhoto/dark_rounded/loader.gif]
[www.isgd.org/wp-content/plugins/js_composer/assets/lib/prettyphoto/images/prettyPhoto/dark_square/loader.gif]
[www.isgd.org/wp-content/plugins/js_composer/assets/lib/prettyphoto/images/prettyPhoto/dark_square/sprite.png]
[www.isgd.org/wp-content/plugins/js_composer/assets/lib/prettyphoto/images/prettyPhoto/dark_square/btnNext.png]
[www.isgd.org/wp-content/plugins/js_composer/assets/lib/prettyphoto/images/prettyPhoto/dark_square/btnPrevious.png]
[www.isgd.org/wp-content/plugins/js_composer/assets/lib/prettyphoto/images/prettyPhoto/light_square/sprite.png]
[www.isgd.org/wp-content/plugins/js_composer/assets/lib/prettyphoto/images/prettyPhoto/light_square/btnNext.png]
[www.isgd.org/wp-content/plugins/js_composer/assets/lib/prettyphoto/images/prettyPhoto/light_square/btnPrevious.png]
[www.isgd.org/wp-content/plugins/js_composer/assets/lib/prettyphoto/images/prettyPhoto/facebook/sprite.png]
[www.isgd.org/wp-content/plugins/js_composer/assets/lib/prettyphoto/images/prettyPhoto/facebook/contentPatternTop.png]
[www.isgd.org/wp-content/plugins/js_composer/assets/lib/prettyphoto/images/prettyPhoto/facebook/contentPatternLeft.png]
[www.isgd.org/wp-content/plugins/js_composer/assets/lib/prettyphoto/images/prettyPhoto/facebook/contentPatternRight.png]
[www.isgd.org/wp-content/plugins/js_composer/assets/lib/prettyphoto/images/prettyPhoto/facebook/loader.gif]
[www.isgd.org/wp-content/plugins/js_composer/assets/lib/prettyphoto/images/prettyPhoto/facebook/btnNext.png]
[www.isgd.org/wp-content/plugins/js_composer/assets/lib/prettyphoto/images/prettyPhoto/facebook/btnPrevious.png]
[www.isgd.org/wp-content/plugins/js_composer/assets/lib/prettyphoto/images/prettyPhoto/facebook/contentPatternBottom.png]
[www.isgd.org/wp-content/plugins/js_composer/assets/lib/prettyphoto/images/prettyPhoto/facebook/default_thumbnail.gif]
[www.isgd.org/wp-content/plugins/js_composer/assets/lib/prettyphoto/css/prettyPhoto.mina752.css]
[www.isgd.org/index88b9.html]
[www.isgd.org/indexbdc9.html]
[www.isgd.org/indexcff1.html]
[www.isgd.org/wp-content/plugins/dpProEventCalendar/themes/base/images/animated-overlay.html]
[www.isgd.org/wp-content/themes/u-design/styles/common-css/font-awesome/fonts/fontawesome-webfonte0a5.svg]
[www.isgd.org/index9a9b.html]
[www.isgd.org/wp-json/oembed/1.0/embed5d01]
[www.isgd.org/wp-json/oembed/1.0/embed8d57.json]
[www.isgd.org/feed/index9090.html]
[www.isgd.org/index8e15.html]
[www.isgd.org/wp-json/oembed/1.0/embeda352]
[www.isgd.org/wp-content/uploads/2014/12/ISGD_2.png]
[www.isgd.org/isgd_2/index.html]
[www.isgd.org/index6a35.html]
[www.isgd.org/index27cd.html]
[www.isgd.org/index7dad.html]
[www.isgd.org/index16bc.html]
[www.isgd.org/index28a7.html]
[www.isgd.org/index1b7d.html]
[www.isgd.org/wp-json/oembed/1.0/embedc821.json]
[www.isgd.org/index3ee1.html]
[www.isgd.org/wp-json/oembed/1.0/embed405d]
[www.isgd.org/wp-content/uploads/2016/01/Event-Flyer-816x1024.png]
[www.isgd.org/event-flyer/index.html]
[www.isgd.org/2016/index.html]
[www.isgd.org/2015/index.html]
[www.isgd.org/wp-includes/fonts/dashicons.eot]
[www.isgd.org/conversation-flyer/index.html]
[www.isgd.org/wp-admin/images/loading.gif]
[www.isgd.org/wp-admin/images/w-logo-blue7a53.png]
[www.isgd.org/wp-admin/load-styles0108.css]
[www.isgd.org/wp-loginc2b6.html]
[www.isgd.org/wp-content/plugins/js_composer/assets/lib/bower/flexslider/fonts/flexslider-icon.svg]
[www.isgd.org/wp-content/uploads/2014/12/ISGD-invites-you-to-attend.png]
[isgd.parmig.com/wp-content/uploads/2014/08/newmasjid.gif]
[www.isgd.org/index8e15.html]
[www.isgd.org/wp-content/plugins/js_composer/assets/lib/prettyphoto/images/prettyPhoto/light_rounded/loader.gif]
[www.isgd.org/index3ee1.html]
[www.isgd.org/index3dea.html]
[www.isgd.org/wp-json/oembed/1.0/embed7cb0.json]
[www.isgd.org/wp-json/oembed/1.0/embed7168]
[www.isgd.org/wp-content/uploads/2016/01/Conversation-Flyer-791x1024.jpg]
[www.isgd.org/conversation-flyer/index.html]
[www.isgd.org/wp-admin/images/wordpress-logo7d6b.svg]
[www.isgd.org/index3dea.html]
[www.isgd.org/png6/index.html]
[www.isgd.org/wp-json/oembed/1.0/embed3c10.json]
[www.isgd.org/index321c.html]
[www.isgd.org/wp-json/oembed/1.0/embedf99a]
[www.isgd.org/wp-content/uploads/2015/12/png6-1024x536.png]
[www.isgd.org/png6/index.html]
[www.isgd.org/index321c.html]
[www.isgd.org/png5/index.html]
[www.isgd.org/wp-json/oembed/1.0/embed3f55.json]
[www.isgd.org/indexa5f2.html]
[www.isgd.org/wp-json/oembed/1.0/embed0124]
[www.isgd.org/wp-content/uploads/2015/12/png5.png]
[www.isgd.org/wp-content/uploads/2015/12/png5-1024x517.png]
[www.isgd.org/png5/index.html]
[www.isgd.org/indexa5f2.html]
[www.isgd.org/png3/index.html]
[www.isgd.org/wp-json/oembed/1.0/embed2a88.json]
[www.isgd.org/indexcfe8.html]
[www.isgd.org/wp-json/oembed/1.0/embedd44f]
[www.isgd.org/wp-content/uploads/2015/12/png3.png]
[www.isgd.org/wp-content/uploads/2015/12/png3-1024x517.png]
[www.isgd.org/png3/index.html]
[www.isgd.org/indexcfe8.html]
[www.isgd.org/png2/index.html]
[www.isgd.org/index8ce5.html]
[www.isgd.org/wp-json/oembed/1.0/embed82ee.json]
[www.isgd.org/wp-json/oembed/1.0/embede658]
[www.isgd.org/wp-content/uploads/2015/12/png2.png]
[www.isgd.org/wp-content/uploads/2015/12/png2-1024x517.png]
[www.isgd.org/png2/index.html]
[www.isgd.org/index8ce5.html]
[www.isgd.org/png1/index.html]
[www.isgd.org/index9b9e.html]
[www.isgd.org/wp-json/oembed/1.0/embed0d49.json]
[www.isgd.org/wp-json/oembed/1.0/embedfaad]
[www.isgd.org/wp-content/uploads/2015/12/png1.png]
[www.isgd.org/png1/index.html]
[www.isgd.org/index9b9e.html]
[www.isgd.org/isgd-2015/index.html]
[www.isgd.org/wp-json/oembed/1.0/embede8f2.json]
[www.isgd.org/wp-json/oembed/1.0/embed7766]
[www.isgd.org/isgd-2015/index.html]
[www.isgd.org/isg5/index.html]
[www.isgd.org/indexbc6e.html]
[www.isgd.org/wp-json/oembed/1.0/embed54d0.json]
[www.isgd.org/index6c15.html]
[www.isgd.org/wp-json/oembed/1.0/embed02c5]
[www.isgd.org/wp-content/uploads/2015/12/isg5.jpg]
[www.isgd.org/isg5/index.html]
[www.isgd.org/indexbc6e.html]
[www.isgd.org/index6c15.html]
[www.isgd.org/isg4/index.html]
[www.isgd.org/wp-json/oembed/1.0/embed1fd5]
[www.isgd.org/wp-content/uploads/2015/12/isg4.jpg]
[www.isgd.org/isg4/index.html]
[www.isgd.org/wp-json/oembed/1.0/embed2d5b]
[www.isgd.org/isg3/index.html]
[www.isgd.org/indexda6e.html]
[www.isgd.org/wp-json/oembed/1.0/embed00e2.json]
[www.isgd.org/indexc508.html]
[www.isgd.org/wp-json/oembed/1.0/embed641e]
[www.isgd.org/wp-content/uploads/2015/12/isg3.jpg]
[www.isgd.org/isg3/index.html]
[www.isgd.org/indexda6e.html]
[www.isgd.org/indexc508.html]
[www.isgd.org/isg2/index.html]
[www.isgd.org/wp-json/oembed/1.0/embed7694.json]
[www.isgd.org/index2d25.html]
[www.isgd.org/wp-json/oembed/1.0/embed6005]
[www.isgd.org/isg2/index.html]
[www.isgd.org/index2d25.html]
[www.isgd.org/isg1/index.html]
[www.isgd.org/wp-json/oembed/1.0/embeda180.json]
[www.isgd.org/indexa862.html]
[www.isgd.org/wp-json/oembed/1.0/embed83d7]
[www.isgd.org/wp-content/uploads/2015/12/isg1.jpg]
[www.isgd.org/isg1/index.html]
[www.isgd.org/indexa862.html]
[www.isgd.org/isg0/index.html]
[www.isgd.org/wp-json/oembed/1.0/embed3027.json]
[www.isgd.org/index5b8d.html]
[www.isgd.org/wp-json/oembed/1.0/embed0bd4]
[www.isgd.org/wp-content/uploads/2015/12/isg0.jpg]
[www.isgd.org/isg0/index.html]
[www.isgd.org/index5b8d.html]
[www.isgd.org/new10/index.html]
[www.isgd.org/wp-json/oembed/1.0/embed98f8.json]
[www.isgd.org/index0a18.html]
[www.isgd.org/wp-json/oembed/1.0/embedd45f]
[www.isgd.org/wp-content/uploads/2015/12/new10.jpg]
[www.isgd.org/new10/index.html]
[www.isgd.org/index0a18.html]
[www.isgd.org/new9/index.html]
[www.isgd.org/index28bc.html]
[www.isgd.org/wp-json/oembed/1.0/embedcb8f.json]
[www.isgd.org/wp-json/oembed/1.0/embed4dbf]
[www.isgd.org/wp-content/uploads/2015/12/new9.jpg]
[www.isgd.org/new9/index.html]
[www.isgd.org/index28bc.html]
[www.isgd.org/new8/index.html]
[www.isgd.org/wp-json/oembed/1.0/embede345.json]
[www.isgd.org/indexdba8.html]
[www.isgd.org/wp-json/oembed/1.0/embed9e39]
[www.isgd.org/wp-content/uploads/2015/12/new8.jpg]
[www.isgd.org/new8/index.html]
[www.isgd.org/indexdba8.html]
[www.isgd.org/new7/index.html]
[www.isgd.org/wp-json/oembed/1.0/embed082d.json]
[www.isgd.org/index7255.html]
[www.isgd.org/wp-json/oembed/1.0/embed370f]
[www.isgd.org/wp-content/uploads/2015/12/new7.jpg]
[www.isgd.org/new7/index.html]
[www.isgd.org/index7255.html]
[www.isgd.org/new6/index.html]
[www.isgd.org/wp-json/oembed/1.0/embed114c.json]
[www.isgd.org/index9982.html]
[www.isgd.org/wp-json/oembed/1.0/embed591a]
[www.isgd.org/wp-content/uploads/2015/12/new6.jpg]
[www.isgd.org/new6/index.html]
[www.isgd.org/index9982.html]
[www.isgd.org/new5/index.html]
[www.isgd.org/wp-json/oembed/1.0/embed9c0f.json]
[www.isgd.org/index87e8.html]
[www.isgd.org/wp-json/oembed/1.0/embed940a]
[www.isgd.org/new5/index.html]
[www.isgd.org/index87e8.html]
[www.isgd.org/new4/index.html]
[www.isgd.org/wp-json/oembed/1.0/embed8c0e.json]
[www.isgd.org/indexb015.html]
[www.isgd.org/wp-json/oembed/1.0/embed1b64]
[www.isgd.org/wp-content/uploads/2015/12/new4.jpg]
[www.isgd.org/new4/index.html]
[www.isgd.org/indexb015.html]
[www.isgd.org/new3/index.html]
[www.isgd.org/wp-json/oembed/1.0/embedcf1f.json]
[www.isgd.org/indexb645.html]
[www.isgd.org/wp-json/oembed/1.0/embed40eb]
[www.isgd.org/wp-content/uploads/2015/12/new3.jpg]
[www.isgd.org/new3/index.html]
[www.isgd.org/indexb645.html]
[www.isgd.org/new2/index.html]
[www.isgd.org/indexfaa1.html]
[www.isgd.org/wp-json/oembed/1.0/embed30c1.json]
[www.isgd.org/wp-json/oembed/1.0/embed78b3]
[www.isgd.org/wp-content/uploads/2015/12/new2.jpg]
[www.isgd.org/wp-content/uploads/2015/12/new2-1024x517.jpg]
[www.isgd.org/new2/index.html]
[www.isgd.org/indexfaa1.html]
[www.isgd.org/new1/index.html]
[www.isgd.org/wp-json/oembed/1.0/embed6edd.json]
[www.isgd.org/indexe3b6.html]
[www.isgd.org/wp-json/oembed/1.0/embed6e9f]
[www.isgd.org/wp-content/uploads/2015/12/new1.jpg]
[www.isgd.org/new1/index.html]
[www.isgd.org/indexe3b6.html]
[www.isgd.org/isgd9/index.html]
[www.isgd.org/wp-json/oembed/1.0/embedbecc.json]
[www.isgd.org/index2807.html]
[www.isgd.org/wp-json/oembed/1.0/embed473d]
[www.isgd.org/wp-content/uploads/2015/12/ISGD9.jpg]
[www.isgd.org/isgd9/index.html]
[www.isgd.org/index2807.html]
[www.isgd.org/eid-al-adha-animated-2/index.html]
[www.isgd.org/index50ba.html]
[www.isgd.org/feed/indexf33b.html]
[www.isgd.org/wp-json/oembed/1.0/embed2377.json]
[www.isgd.org/wp-json/oembed/1.0/embed10bc]
[www.isgd.org/wp-content/uploads/2015/09/eid-al-adha-animated-2.gif]
[www.isgd.org/eid-al-adha-animated-2/index.html]
[www.isgd.org/index50ba.html]
[www.isgd.org/img_20150309_155443/index.html]
[www.isgd.org/wp-json/oembed/1.0/embed4e45.json]
[www.isgd.org/feed/index1a0e.html]
[www.isgd.org/index17d3.html]
[www.isgd.org/wp-json/oembed/1.0/embedf605]
[www.isgd.org/wp-content/uploads/2015/04/IMG_20150309_155443.jpg]
[www.isgd.org/wp-content/uploads/2015/04/IMG_20150309_155443-1024x1024.jpg]
[www.isgd.org/img_20150309_155443/index.html]
[www.isgd.org/index17d3.html]
[www.isgd.org/slide0-e1424316431594/index.html]
[www.isgd.org/wp-json/oembed/1.0/embedaf46.json]
[www.isgd.org/feed/indexcc2b.html]
[www.isgd.org/indexe145.html]
[www.isgd.org/wp-json/oembed/1.0/embed8481]
[www.isgd.org/wp-content/uploads/2015/02/slide0-e1424316431594.png]
[www.isgd.org/slide0-e1424316431594/index.html]
[www.isgd.org/indexe145.html]
[www.isgd.org/9/index.html]
[www.isgd.org/wp-json/oembed/1.0/embede76a.json]
[www.isgd.org/index221f.html]
[www.isgd.org/feed/index8f25.html]
[www.isgd.org/wp-json/oembed/1.0/embed66e0]
[www.isgd.org/9/index.html]
[www.isgd.org/index221f.html]
[www.isgd.org/gdf/index.html]
[www.isgd.org/wp-json/oembed/1.0/embedfa2c.json]
[www.isgd.org/feed/indexd1dd.html]
[www.isgd.org/index8e1b.html]
[www.isgd.org/wp-json/oembed/1.0/embedcba6]
[www.isgd.org/wp-content/uploads/2015/01/gdf.png]
[www.isgd.org/wp-content/uploads/2015/01/gdf-1024x1024.png]
[www.isgd.org/gdf/index.html]
[www.isgd.org/index8e1b.html]
[www.isgd.org/ddd/index.html]
[www.isgd.org/feed/index0e1d.html]
[www.isgd.org/indexb773.html]
[www.isgd.org/wp-json/oembed/1.0/embed5923.json]
[www.isgd.org/wp-json/oembed/1.0/embede9f4]
[www.isgd.org/ddd/index.html]
[www.isgd.org/indexb773.html]
[www.isgd.org/top-pattern/index.html]
[www.isgd.org/wp-json/oembed/1.0/embed7a52.json]
[www.isgd.org/feed/index6d4a.html]
[www.isgd.org/indexa943.html]
[www.isgd.org/wp-json/oembed/1.0/embedb79b]
[www.isgd.org/top-pattern/index.html]
[www.isgd.org/indexa943.html]
[www.isgd.org/pattern/index.html]
[www.isgd.org/wp-json/oembed/1.0/embed4dc9.json]
[www.isgd.org/feed/indexf4ff.html]
[www.isgd.org/wp-json/oembed/1.0/embed7e43]
[www.isgd.org/index1a93.html]
[www.isgd.org/wp-content/uploads/2015/01/pattern.png]
[www.isgd.org/pattern/index.html]
[www.isgd.org/index1a93.html]
[www.isgd.org/3897234326_4e1fb154eb_o/index.html]
[www.isgd.org/wp-json/oembed/1.0/embed2a10.json]
[www.isgd.org/feed/index4aad.html]
[www.isgd.org/index8a71.html]
[www.isgd.org/wp-json/oembed/1.0/embed1797]
[www.isgd.org/wp-content/uploads/2015/01/3897234326_4e1fb154eb_o.jpg]
[www.isgd.org/3897234326_4e1fb154eb_o/index.html]
[www.isgd.org/index8a71.html]
[www.isgd.org/slide0/index.html]
[www.isgd.org/wp-json/oembed/1.0/embeddb8f]
[www.isgd.org/feed/index48aa.html]
[www.isgd.org/wp-content/uploads/2015/01/slide0-e1424316431594.jpg]
[www.isgd.org/slide0/index.html]
[www.isgd.org/index0133.html]
[www.isgd.org/index0133.html]
[www.isgd.org/donate_button-final/index.html]
[www.isgd.org/wp-json/oembed/1.0/embedd556]
[www.isgd.org/wp-json/oembed/1.0/embed19be.json]
[www.isgd.org/feed/indexbd63.html]
[www.isgd.org/index85b0.html]
[www.isgd.org/wp-json/oembed/1.0/embedc91b]
[www.isgd.org/donate_button-final/index.html]
[www.isgd.org/index85b0.html]
[www.isgd.org/footer_pattern/index.html]
[www.isgd.org/wp-json/oembed/1.0/embed190a.json]
[www.isgd.org/feed/indexafc9.html]
[www.isgd.org/index80c9.html]
[www.isgd.org/wp-json/oembed/1.0/embed61b6]
[www.isgd.org/wp-content/uploads/2014/12/footer_pattern.png]
[www.isgd.org/footer_pattern/index.html]
[www.isgd.org/index80c9.html]
[www.isgd.org/final-white/index.html]
[www.isgd.org/wp-json/oembed/1.0/embed21fb.json]
[www.isgd.org/feed/indexac1e.html]
[www.isgd.org/index6eea.html]
[www.isgd.org/wp-json/oembed/1.0/embedfbf1]
[www.isgd.org/wp-content/uploads/2014/12/final-white.png]
[www.isgd.org/final-white/index.html]
[www.isgd.org/index6eea.html]
[www.isgd.org/final/index.html]
[www.isgd.org/wp-json/oembed/1.0/embed4318.json]
[www.isgd.org/feed/index78b7.html]
[www.isgd.org/index9a88.html]
[www.isgd.org/wp-json/oembed/1.0/embed06af]
[www.isgd.org/final/index.html]
[www.isgd.org/index9a88.html]
[www.isgd.org/logo-7/index.html]
[www.isgd.org/wp-json/oembed/1.0/embed31c6.json]
[www.isgd.org/feed/index89f3.html]
[www.isgd.org/index0325.html]
[www.isgd.org/wp-json/oembed/1.0/embedd76d]
[www.isgd.org/wp-content/uploads/2014/12/logo5.png]
[www.isgd.org/logo-7/index.html]
[www.isgd.org/index0325.html]
[www.isgd.org/logo-6/index.html]
[www.isgd.org/wp-json/oembed/1.0/embed0138.json]
[www.isgd.org/feed/index87fd.html]
[www.isgd.org/indexada0.html]
[www.isgd.org/wp-json/oembed/1.0/embed500b]
[www.isgd.org/wp-content/uploads/2014/12/logo4.png]
[www.isgd.org/logo-6/index.html]
[www.isgd.org/indexada0.html]
[www.isgd.org/logo-5/index.html]
[www.isgd.org/wp-json/oembed/1.0/embed8857.json]
[www.isgd.org/feed/indexfc9a.html]
[www.isgd.org/index3350.html]
[www.isgd.org/wp-json/oembed/1.0/embedbd06]
[www.isgd.org/wp-content/uploads/2014/12/logo3.png]
[www.isgd.org/logo-5/index.html]
[www.isgd.org/index3350.html]
[www.isgd.org/logo-4/index.html]
[www.isgd.org/wp-json/oembed/1.0/embed8fe3.json]
[www.isgd.org/feed/indexc355.html]
[www.isgd.org/index8e01.html]
[www.isgd.org/wp-json/oembed/1.0/embedac30]
[www.isgd.org/wp-content/uploads/2014/12/logo2.png]
[www.isgd.org/logo-4/index.html]
[www.isgd.org/index8e01.html]
[www.isgd.org/logo-2/index.html]
[www.isgd.org/wp-json/oembed/1.0/embed4a95.json]
[www.isgd.org/feed/index4d15.html]
[www.isgd.org/indexbbc7.html]
[www.isgd.org/wp-json/oembed/1.0/embed87c2]
[www.isgd.org/wp-content/uploads/2014/12/logo.png]
[www.isgd.org/logo-2/index.html]
[www.isgd.org/indexbbc7.html]
[www.isgd.org/cropped-cropped-3-png/index.html]
[www.isgd.org/wp-json/oembed/1.0/embed7fce.json]
[www.isgd.org/feed/indexea3a.html]
[www.isgd.org/index9c2b.html]
[www.isgd.org/wp-json/oembed/1.0/embed9b22]
[www.isgd.org/wp-content/uploads/2014/09/cropped-cropped-3.png]
[www.isgd.org/cropped-cropped-3-png/index.html]
[www.isgd.org/index9c2b.html]
[www.isgd.org/cropped-3-png/index.html]
[www.isgd.org/wp-json/oembed/1.0/embedfaef]
[www.isgd.org/feed/indexd50e.html]
[www.isgd.org/wp-content/uploads/2014/09/cropped-3.png]
[www.isgd.org/cropped-3-png/index.html]
[www.isgd.org/indexb950.html]
[www.isgd.org/indexb950.html]
[www.isgd.org/cropped-isgd_2-png/index.html]
[www.isgd.org/wp-json/oembed/1.0/embed351f]
[www.isgd.org/wp-json/oembed/1.0/embede4a2]
[www.isgd.org/index8af0.html]
[www.isgd.org/wp-content/uploads/2014/12/cropped-ISGD_2.png]
[www.isgd.org/cropped-isgd_2-png/index.html]
[www.isgd.org/index8af0.html]
[www.isgd.org/isgd_1/index.html]
[www.isgd.org/feed/index527f.html]
[www.isgd.org/wp-json/oembed/1.0/embed0f06]
[www.isgd.org/wp-json/oembed/1.0/embeda074.json]
[www.isgd.org/index5cfa.html]
[www.isgd.org/feed/index2354.html]
[www.isgd.org/wp-json/oembed/1.0/embeddec4]
[www.isgd.org/isgd_1/index.html]
[www.isgd.org/index5cfa.html]
[www.isgd.org/islamicfinance/index.html]
[www.isgd.org/wp-json/oembed/1.0/embed0fbe.json]
[www.isgd.org/feed/index6466.html]
[www.isgd.org/indexae74.html]
[www.isgd.org/wp-json/oembed/1.0/embed8f4a]
[www.isgd.org/islamicfinance/index.html]
[www.isgd.org/indexae74.html]
[www.isgd.org/top_pattern/index.html]
[www.isgd.org/wp-json/oembed/1.0/embed453f.json]
[www.isgd.org/feed/index7335.html]
[www.isgd.org/index94b0.html]
[www.isgd.org/wp-json/oembed/1.0/embed8c2a]
[www.isgd.org/wp-content/uploads/2014/09/top_pattern.jpg]
[www.isgd.org/top_pattern/index.html]
[www.isgd.org/index94b0.html]
[www.isgd.org/slide4/index.html]
[www.isgd.org/wp-json/oembed/1.0/embedf2fb.json]
[www.isgd.org/feed/index4d4c.html]
[www.isgd.org/index3965.html]
[www.isgd.org/wp-json/oembed/1.0/embedde5a]
[www.isgd.org/wp-content/uploads/2014/09/slide4.jpg]
[www.isgd.org/slide4/index.html]
[www.isgd.org/index3965.html]
[www.isgd.org/slide3/index.html]
[www.isgd.org/feed/index1e57.html]
[www.isgd.org/index341b.html]
[www.isgd.org/wp-json/oembed/1.0/embed9698.json]
[www.isgd.org/wp-json/oembed/1.0/embeda132]
[www.isgd.org/wp-content/uploads/2014/09/slide3.jpg]
[www.isgd.org/slide3/index.html]
[www.isgd.org/index341b.html]
[www.isgd.org/slide1/index.html]
[www.isgd.org/wp-json/oembed/1.0/embeda172.json]
[www.isgd.org/feed/index97f0.html]
[www.isgd.org/index0735.html]
[www.isgd.org/wp-json/oembed/1.0/embedd6c5]
[www.isgd.org/wp-content/uploads/2014/09/slide1.jpg]
[www.isgd.org/slide1/index.html]
[www.isgd.org/index0735.html]
[www.isgd.org/logo/index.html]
[www.isgd.org/wp-json/oembed/1.0/embed99d3.json]
[www.isgd.org/feed/index1c1c.html]
[www.isgd.org/index42dc.html]
[www.isgd.org/wp-json/oembed/1.0/embede804]
[www.isgd.org/wp-content/uploads/2014/09/logo.jpg]
[www.isgd.org/logo/index.html]
[www.isgd.org/index42dc.html]
